// Jest Snapshot v1, https://goo.gl/fbAQLP

exports[`containers - HomeAbout mapStateToProps should return the correct properties 1`] = `
Object {
  "aboutus": "Code.gov is the federal government's platform for sharing America's open source software",
  "mission": "Our mission is to help agency partners and developers save money and increase quality by promoting code reuse and educating and connecting the open source community",
  "vision": "Serve as the community leader in driving code reuse and open source development to decrease code spend while increasing code quality",
}
`;
