// Jest Snapshot v1, https://goo.gl/fbAQLP

exports[`components - HomeAbout should render correctly 1`] = `
<section
  className="about"
  id="about"
>
  <header>
    <h2>
      About Code.gov
    </h2>
    <p />
  </header>
  <ul
    className="about-actions"
  >
    <li>
      <h3>
        Vision
      </h3>
      <span
        className="about-icon"
      >
        <p />
        <img
          alt=""
          className=""
          src="/assets/img/icons/vision_icon_sm.png"
        />
      </span>
    </li>
    <li>
      <h3>
        Mission
      </h3>
      <span
        className="about-icon"
      >
        <p>
          test-mission
        </p>
        <img
          alt=""
          className=""
          src="/assets/img/icons/mission_icon_sm.png"
        />
      </span>
    </li>
  </ul>
</section>
`;
