// Jest Snapshot v1, https://goo.gl/fbAQLP

exports[`components - Footer should render correctly 1`] = `
<footer
  className="black"
  role="contentinfo"
>
  <div
    className="footer-content"
  >
    <div
      className="footer-part links"
      data-test="links"
    >
      <ul>
        <li
          key="http-1"
        >
          <a
            className="link"
            href="http://link-1"
            key="http-1"
            rel="noopener noreferrer"
            target="_blank"
          >
            <span>
              http-1
            </span>
          </a>
        </li>
        <li
          key="mail-1"
        >
          <a
            className="link"
            href="mailto:email@a.com"
            key="mail-1"
            rel="noopener noreferrer"
            target="_blank"
          >
            <span>
              mail-1
            </span>
          </a>
        </li>
        <li
          key="custom-1"
        >
          <Connect(CustomLinkComponent)
            className="link"
            to="/custom-link"
          >
            <span>
              custom-1
            </span>
          </Connect(CustomLinkComponent)>
        </li>
        <li
          key="http-2"
        >
          <a
            className="link"
            href="https://link-1"
            key="http-2"
            rel="noopener noreferrer"
            target="_blank"
          >
            <span>
              http-2
            </span>
          </a>
        </li>
      </ul>
    </div>
    <div
      className="footer-part logos"
      data-test="logos"
    >
      <ul>
        <li
          key="logo-1"
        >
          <a
            href="/logo-1.png"
            rel="noopener noreferrer"
            target="_blank"
          >
            <img
              alt="logo-1"
              src="logo-src-1"
            />
            <span>
              logo-1
            </span>
          </a>
        </li>
        <li
          key="logo-2"
        >
          <a
            href="/logo-2.png"
            rel="noopener noreferrer"
            target="_blank"
          >
            <img
              alt="logo-2"
              src="logo-src-2"
            />
            <span>
              logo-2
            </span>
          </a>
        </li>
      </ul>
    </div>
    <div
      className="footer-part socials"
      data-test="socials"
    >
      <ul />
    </div>
  </div>
</footer>
`;
